>>> data[0]
[10, 11] --> Port handles (for two tools)
>>> data[1]
[1579593648.1549034, 1579593648.1549034] --> Time
>>> data[2]
[15750, 15750] --> Frame number
>>> data[3] --> numpy.ndarray --> data[3][0] -> first tool / data[3][1] -> second tool
[array([[ 8.27983716e-01,  1.76363342e-01,  5.32295912e-01, -2.13670000e+02],
       [-2.98798994e-01, -6.64504157e-01,  6.84947726e-01, 4.17700000e+01],
       [ 4.74512516e-01, -7.26175046e-01, -4.97501432e-01, -3.22860000e+02],
       [ 0.00000000e+00,  0.00000000e+00,  0.00000000e+00, 1.00000000e+00]]),
array([[-8.24815426e-01,  5.37394259e-01,  1.75746759e-01, -1.58110000e+02],
       [ 9.14894402e-02, -1.79884121e-01,  9.79424007e-01, -2.67400000e+01],
       [ 5.57950890e-01,  8.23923002e-01,  9.92052976e-02, -2.25380000e+02],
       [ 0.00000000e+00,  0.00000000e+00,  0.00000000e+00, 1.00000000e+00]])]
>>> data[4] --> Errors (for two tools)
[0.0848, 0.0668]